[demo.kaliumtheme.com/shop/index.html]
[backblue.gif]
[fade.gif]
[index.html]
[demo.kaliumtheme.com/shop/xmlrpc0db0.php]
[demo.kaliumtheme.com/shop/feed/index.html]
[demo.kaliumtheme.com/shop/homepage/feed/index.html]
[demo.kaliumtheme.com/shop/comments/feed/index.html]
[demo.kaliumtheme.com/shop/wp-json/index.html]
[demo.kaliumtheme.com/shop/wp-json/oembed/1.0/embedb58d.json]
[demo.kaliumtheme.com/shop/wp-json/oembed/1.0/embed2c03]
[demo.kaliumtheme.com/shop/index58bc.html]
[demo.kaliumtheme.com/shop/indexcbd2.html]
[demo.kaliumtheme.com/shop/index.html]
[demo.kaliumtheme.com/shop/index7351.html]
[demo.kaliumtheme.com/shop/shop/index2354.html]
[demo.kaliumtheme.com/shop/shop/index.html]
[demo.kaliumtheme.com/shop/indexcbd2.html]
[demo.kaliumtheme.com/shop/shop/index2633.html]
[demo.kaliumtheme.com/shop/shop-carousel/index.html]
[demo.kaliumtheme.com/shop/index58bc.html]
[demo.kaliumtheme.com/shop/shop/index0c9c.html]
[demo.kaliumtheme.com/shop/shop/index3886.html]
[demo.kaliumtheme.com/shop/index7351.html]
[demo.kaliumtheme.com/shop/shop/index9bef.html]
[demo.kaliumtheme.com/shop/shop/index0a13.html]
[demo.kaliumtheme.com/shop/shop/index.html]
[demo.kaliumtheme.com/shop/product-category/accessories/index.html]
[demo.kaliumtheme.com/shop/categories/index.html]
[demo.kaliumtheme.com/shop/shop/index2354.html]
[demo.kaliumtheme.com/shop/product-category/children/index.html]
[demo.kaliumtheme.com/shop/product-category/accessories/home/index.html]
[demo.kaliumtheme.com/shop/shop/index2633.html]
[demo.kaliumtheme.com/shop/product-category/magazines/index.html]
[demo.kaliumtheme.com/shop/product-category/office/index.html]
[demo.kaliumtheme.com/shop/product-category/outdoor/index.html]
[demo.kaliumtheme.com/shop/shop/index0087.html]
[demo.kaliumtheme.com/shop/wp-json/oembed/1.0/embedecbf.json]
[demo.kaliumtheme.com/shop/shop/indexf91e.html]
[demo.kaliumtheme.com/shop/shop/indexc5bd.html]
[demo.kaliumtheme.com/shop/shop/index8fc5.html]
[demo.kaliumtheme.com/shop/wp-json/oembed/1.0/embed13cd]
[demo.kaliumtheme.com/shop/shop-carousel/index.html]
[demo.kaliumtheme.com/shop/shop/index8fc9.html]
[demo.kaliumtheme.com/shop/shop/index54d8.html]
[demo.kaliumtheme.com/shop/shop/index39cc.html]
[demo.kaliumtheme.com/shop/shop/index0c9c.html]
[demo.kaliumtheme.com/shop/product/hasami-mug/index.html]
[demo.kaliumtheme.com/shop/product/oak-tray/index.html]
[demo.kaliumtheme.com/shop/shop/index3886.html]
[demo.kaliumtheme.com/shop/product/cast-iron-animals/index.html]
[demo.kaliumtheme.com/shop/product/charley-colors/index.html]
[demo.kaliumtheme.com/shop/shop/index0a13.html]
[demo.kaliumtheme.com/shop/product/bridge-backpack/indexe0e1.html]
[demo.kaliumtheme.com/shop/product/bridge-backpack/indexb29f.html]
[demo.kaliumtheme.com/shop/shop/index9bef.html]
[demo.kaliumtheme.com/shop/product/bridge-backpack/index48a6.html]
[demo.kaliumtheme.com/shop/product/boskke-cube/index123f.html]
[demo.kaliumtheme.com/shop/product/hasami-mug/indexddbb.html]
[demo.kaliumtheme.com/shop/product/boskke-cube/index85ea.html]
[demo.kaliumtheme.com/shop/wp-json/oembed/1.0/embed9991.json]
[demo.kaliumtheme.com/shop/product/hasami-mug/indexd819.html]
[demo.kaliumtheme.com/shop/product/hasami-mug/indexc4af.html]
[demo.kaliumtheme.com/shop/product/hasami-mug/index4097.html]
[demo.kaliumtheme.com/shop/wp-json/oembed/1.0/embed5af2]
[demo.kaliumtheme.com/shop/categories/index.html]
[demo.kaliumtheme.com/shop/product/hanging-vessel/indexa221.html]
[demo.kaliumtheme.com/shop/product/hanging-vessel/index8ea3.html]
[demo.kaliumtheme.com/shop/cart/index.html]
[demo.kaliumtheme.com/shop/product-category/accessories/index.html]
[demo.kaliumtheme.com/shop/product/panamericana-chair/index.html]
[demo.kaliumtheme.com/shop/product-category/children/index.html]
[demo.kaliumtheme.com/shop/order-tracking/index.html]
[demo.kaliumtheme.com/shop/my-account/index.html]
[demo.kaliumtheme.com/shop/product-category/accessories/home/index.html]
[demo.kaliumtheme.com/shop/product/hanging-vessel/index.html]
[demo.kaliumtheme.com/shop/product-category/magazines/index.html]
[demo.kaliumtheme.com/shop/product/boskke-cube/index.html]
[demo.kaliumtheme.com/shop/product-category/office/index.html]
[demo.kaliumtheme.com/shop/indexf4c6.html]
[demo.kaliumtheme.com/shop/product-category/outdoor/index.html]
[demo.kaliumtheme.com/shop/product/nourished/index.html]
[demo.kaliumtheme.com/shop/shop/index0087.html]
[demo.kaliumtheme.com/shop/indexd941.html]
[demo.kaliumtheme.com/shop/index3d1b.html]
[demo.kaliumtheme.com/shop/shop/indexc5bd.html]
[demo.kaliumtheme.com/shop/product/shapemaker/index.html]
[demo.kaliumtheme.com/shop/shop/indexf91e.html]
[demo.kaliumtheme.com/shop/product/the-age-of-collage/index.html]
[demo.kaliumtheme.com/shop/product/sweeper-funnel/index.html]
[demo.kaliumtheme.com/shop/index18c1.html]
[demo.kaliumtheme.com/shop/shop/index8fc5.html]
[demo.kaliumtheme.com/shop/product/stapler/index.html]
[demo.kaliumtheme.com/shop/shop/index8fc9.html]
[demo.kaliumtheme.com/shop/product/ninja-silhouette/index.html]
[demo.kaliumtheme.com/shop/product/et66-calculator/index.html]
[demo.kaliumtheme.com/shop/product/wolfie/index.html]
[demo.kaliumtheme.com/shop/shop/index54d8.html]
[demo.kaliumtheme.com/shop/product/analog-clock/index.html]
[demo.kaliumtheme.com/shop/shop/index39cc.html]
[demo.kaliumtheme.com/shop/product/scissors/index.html]
[demo.kaliumtheme.com/shop/indexb522.html]
[demo.kaliumtheme.com/shop/indexacaf.html]
[demo.kaliumtheme.com/shop/index7054.html]
[demo.kaliumtheme.com/shop/wp-json/oembed/1.0/embed95c7.json]
[demo.kaliumtheme.com/shop/product/spherical-vase/index.html]
[demo.kaliumtheme.com/shop/product/woo-album-3/index.html]
[demo.kaliumtheme.com/shop/indexc42c.html]
[demo.kaliumtheme.com/shop/wp-json/oembed/1.0/embed6902]
[demo.kaliumtheme.com/shop/product/hasami-mug/index.html]
[demo.kaliumtheme.com/shop/product/salad-bowl/index.html]
[demo.kaliumtheme.com/shop/indexd74c.html]
[demo.kaliumtheme.com/shop/indexf8f6.html]
[demo.kaliumtheme.com/shop/shop/feed/index.html]
[demo.kaliumtheme.com/shop/wp-json/oembed/1.0/embeda4fd.json]
[demo.kaliumtheme.com/shop/product/aaldap/index.html]
[demo.kaliumtheme.com/shop/shop/index7e21.html]
[demo.kaliumtheme.com/shop/shop/indexf4c6.html]
[demo.kaliumtheme.com/shop/wp-json/oembed/1.0/embed90f5]
[demo.kaliumtheme.com/shop/product/oak-tray/index.html]
[demo.kaliumtheme.com/shop/product/bridge-backpack/index.html]
[demo.kaliumtheme.com/shop/shop/index07d1.html]
[demo.kaliumtheme.com/shop/product/damn-good-advice/index.html]
[demo.kaliumtheme.com/shop/shop/index70f8.html]
[demo.kaliumtheme.com/shop/wp-json/oembed/1.0/embed3864.json]
[demo.kaliumtheme.com/shop/shop-carousel/feed/index.html]
[demo.kaliumtheme.com/shop/product-category/uncategorized/index.html]
[demo.kaliumtheme.com/shop/shop/indexf6b1.html]
[demo.kaliumtheme.com/shop/wp-json/oembed/1.0/embed568f]
[demo.kaliumtheme.com/shop/product/cast-iron-animals/index.html]
[demo.kaliumtheme.com/shop/product/medium-notebook/index.html]
[demo.kaliumtheme.com/shop/shop-carousel/index7054.html]
[demo.kaliumtheme.com/shop/shop-carousel/indexf6b1.html]
[demo.kaliumtheme.com/shop/wp-json/oembed/1.0/embed36ea.json]
[demo.kaliumtheme.com/shop/shop-carousel/indexd74c.html]
[demo.kaliumtheme.com/shop/shop-carousel/index0865.html]
[demo.kaliumtheme.com/shop/shop-carousel/indexb522.html]
[demo.kaliumtheme.com/shop/wp-json/oembed/1.0/embedf9e9]
[demo.kaliumtheme.com/shop/product/charley-colors/index.html]
[demo.kaliumtheme.com/shop/product/standard-baggu/index.html]
[demo.kaliumtheme.com/shop/shop-carousel/index7e21.html]
[demo.kaliumtheme.com/shop/shop-carousel/indexf4c6.html]
[demo.kaliumtheme.com/shop/shop-carousel/index1e32.html]
[demo.kaliumtheme.com/shop/wp-json/oembed/1.0/embed30a8.json]
[demo.kaliumtheme.com/shop/product/rene-redzepi/index.html]
[demo.kaliumtheme.com/shop/shop-carousel/index5412.html]
[demo.kaliumtheme.com/shop/shop-carousel/indexacaf.html]
[demo.kaliumtheme.com/shop/wp-json/oembed/1.0/embed204d]
[demo.kaliumtheme.com/shop/product/bridge-backpack/indexb29f.html]
[demo.kaliumtheme.com/shop/shop-carousel/index70f8.html]
[demo.kaliumtheme.com/shop/shop-carousel/indexc42c.html]
[demo.kaliumtheme.com/shop/shop-carousel/index3d1b.html]
[demo.kaliumtheme.com/shop/product/bridge-backpack/indexe0e1.html]
[demo.kaliumtheme.com/shop/shop-carousel/indexf8f6.html]
[demo.kaliumtheme.com/shop/product/bridge-backpack/index48a6.html]
[demo.kaliumtheme.com/shop/shop/index3d1b.html]
[demo.kaliumtheme.com/shop/shop-carousel/index07d1.html]
[demo.kaliumtheme.com/shop/shop-carousel/index18c1.html]
[demo.kaliumtheme.com/shop/categories/feed/index.html]
[demo.kaliumtheme.com/shop/wp-json/oembed/1.0/embed8221.json]
[demo.kaliumtheme.com/shop/product-category/accessories/feed/index.html]
[demo.kaliumtheme.com/shop/product-category/accessories/indexf4c6.html]
[demo.kaliumtheme.com/shop/wp-json/oembed/1.0/embed2dea]
[demo.kaliumtheme.com/shop/product/boskke-cube/index123f.html]
[demo.kaliumtheme.com/shop/product-category/accessories/index3d1b.html]
[demo.kaliumtheme.com/shop/product-category/accessories/indexacaf.html]
[demo.kaliumtheme.com/shop/product-category/accessories/indexf8f6.html]
[demo.kaliumtheme.com/shop/product/boskke-cube/index85ea.html]
[demo.kaliumtheme.com/shop/product-category/accessories/index7054.html]
[demo.kaliumtheme.com/shop/product/hasami-mug/indexddbb.html]
[demo.kaliumtheme.com/shop/product-category/children/feed/index.html]
[demo.kaliumtheme.com/shop/product-category/children/index18c1.html]
[demo.kaliumtheme.com/shop/product-category/children/index92a5.html]
[demo.kaliumtheme.com/shop/product-category/accessories/home/feed/index.html]
[demo.kaliumtheme.com/shop/product/hasami-mug/index4097.html]
[demo.kaliumtheme.com/shop/product/hasami-mug/indexc4af.html]
[demo.kaliumtheme.com/shop/product-category/accessories/home/index3d1b.html]
[demo.kaliumtheme.com/shop/product/hasami-mug/indexd819.html]
[demo.kaliumtheme.com/shop/product-category/accessories/home/indexf8f6.html]
[demo.kaliumtheme.com/shop/product-category/accessories/home/index7054.html]
[demo.kaliumtheme.com/shop/product-category/accessories/home/indexf4c6.html]
[demo.kaliumtheme.com/shop/wp-json/oembed/1.0/embed760b.json]
[demo.kaliumtheme.com/shop/product-category/accessories/home/indexacaf.html]
[demo.kaliumtheme.com/shop/product-category/magazines/feed/index.html]
[demo.kaliumtheme.com/shop/product-category/magazines/index70f8.html]
[demo.kaliumtheme.com/shop/product-category/magazines/index7e21.html]
[demo.kaliumtheme.com/shop/wp-json/oembed/1.0/embed1978]
[demo.kaliumtheme.com/shop/product/hanging-vessel/indexa221.html]
[demo.kaliumtheme.com/shop/product-category/magazines/indexd941.html]
[demo.kaliumtheme.com/shop/product-category/magazines/index5412.html]
[demo.kaliumtheme.com/shop/product-category/magazines/index0865.html]
[demo.kaliumtheme.com/shop/product-category/office/feed/index.html]
[demo.kaliumtheme.com/shop/product/hanging-vessel/index8ea3.html]
[demo.kaliumtheme.com/shop/product-category/office/indexf6b1.html]
[demo.kaliumtheme.com/shop/product-category/office/index7054.html]
[demo.kaliumtheme.com/shop/product-category/office/indexd74c.html]
[demo.kaliumtheme.com/shop/wp-json/oembed/1.0/embed0205.json]
[demo.kaliumtheme.com/shop/product-category/outdoor/feed/index.html]
[demo.kaliumtheme.com/shop/product-category/outdoor/index1e32.html]
[demo.kaliumtheme.com/shop/product-category/outdoor/index07d1.html]
[demo.kaliumtheme.com/shop/wp-json/oembed/1.0/embed3e6d]
[demo.kaliumtheme.com/shop/product-category/outdoor/indexb522.html]
[demo.kaliumtheme.com/shop/shop/page/2/indexc5bd.html]
[demo.kaliumtheme.com/shop/shop/page/3/indexc5bd.html]
[demo.kaliumtheme.com/shop/wp-admin/js/password-strength-meter.min4d2c.js]
[demo.kaliumtheme.com/shop/cart/index.html]
[demo.kaliumtheme.com/shop/product/hasami-mug/feed/index.html]
[demo.kaliumtheme.com/shop/product/hasami-mug/indexf8f6.html]
[demo.kaliumtheme.com/shop/product/hasami-mug/indexf4c6.html]
[demo.kaliumtheme.com/shop/checkout/index.html]
[demo.kaliumtheme.com/shop/product/oak-tray/feed/index.html]
[demo.kaliumtheme.com/shop/product/hasami-mug/indexacaf.html]
[demo.kaliumtheme.com/shop/wp-json/oembed/1.0/embed2340.json]
[demo.kaliumtheme.com/shop/product/oak-tray/index3d1b.html]
[demo.kaliumtheme.com/shop/product/oak-tray/indexacaf.html]
[demo.kaliumtheme.com/shop/product/oak-tray/indexc42c.html]
[demo.kaliumtheme.com/shop/product/cast-iron-animals/feed/index.html]
[demo.kaliumtheme.com/shop/wp-json/oembed/1.0/embedc56d]
[demo.kaliumtheme.com/shop/my-account/index.html]
[demo.kaliumtheme.com/shop/product/cast-iron-animals/index7054.html]
[demo.kaliumtheme.com/shop/product/cast-iron-animals/index3d1b.html]
[demo.kaliumtheme.com/shop/product/cast-iron-animals/indexf8f6.html]
[demo.kaliumtheme.com/shop/wp-json/oembed/1.0/embed47a2.json]
[demo.kaliumtheme.com/shop/product/charley-colors/feed/index.html]
[demo.kaliumtheme.com/shop/product/charley-colors/index92a5.html]
[demo.kaliumtheme.com/shop/wp-json/oembed/1.0/embed9dd4]
[demo.kaliumtheme.com/shop/product/bridge-backpack/feed/index.html]
[demo.kaliumtheme.com/shop/order-tracking/index.html]
[demo.kaliumtheme.com/shop/product/charley-colors/index18c1.html]
[demo.kaliumtheme.com/shop/product-tag/backpack/index.html]
[demo.kaliumtheme.com/shop/product-tag/bag/index.html]
[demo.kaliumtheme.com/shop/product-tag/black/index.html]
[demo.kaliumtheme.com/shop/product/bridge-backpack/index1e32.html]
[demo.kaliumtheme.com/shop/wp-json/oembed/1.0/embedf6d9.json]
[demo.kaliumtheme.com/shop/product/bridge-backpack/indexb522.html]
[demo.kaliumtheme.com/shop/product/boskke-cube/feed/index.html]
[demo.kaliumtheme.com/shop/wp-json/oembed/1.0/embed5a74]
[demo.kaliumtheme.com/shop/product/panamericana-chair/index.html]
[demo.kaliumtheme.com/shop/product/boskke-cube/indexacaf.html]
[demo.kaliumtheme.com/shop/product/boskke-cube/indexd74c.html]
[demo.kaliumtheme.com/shop/product/boskke-cube/index3d1b.html]
[demo.kaliumtheme.com/shop/product/boskke-cube/index.html]
[demo.kaliumtheme.com/shop/product/boskke-cube/indexb522.html]
[demo.kaliumtheme.com/shop/indexf4c6.html]
[demo.kaliumtheme.com/shop/product/hasami-mug/indexd74c.html]
[demo.kaliumtheme.com/shop/product/hasami-mug/index7054.html]
[demo.kaliumtheme.com/shop/product/hasami-mug/indexb522.html]
[demo.kaliumtheme.com/shop/product/hanging-vessel/index.html]
[demo.kaliumtheme.com/shop/product/hasami-mug/index3d1b.html]
[demo.kaliumtheme.com/shop/index3d1b.html]
[demo.kaliumtheme.com/shop/product/hanging-vessel/feed/index.html]
[demo.kaliumtheme.com/shop/product/hasami-mug/indexc42c.html]
[demo.kaliumtheme.com/shop/product/hanging-vessel/indexacaf.html]
[demo.kaliumtheme.com/shop/wp-json/oembed/1.0/embedbe26.json]
[demo.kaliumtheme.com/shop/product/hanging-vessel/indexf8f6.html]
[demo.kaliumtheme.com/shop/product/hanging-vessel/indexc42c.html]
[demo.kaliumtheme.com/shop/product/hanging-vessel/indexf4c6.html]
[demo.kaliumtheme.com/shop/wp-json/oembed/1.0/embed5482]
[demo.kaliumtheme.com/shop/product/nourished/index.html]
[demo.kaliumtheme.com/shop/cart/feed/index.html]
[demo.kaliumtheme.com/shop/product/hanging-vessel/indexd74c.html]
[demo.kaliumtheme.com/shop/product/hanging-vessel/index7054.html]
[demo.kaliumtheme.com/shop/indexd941.html]
[demo.kaliumtheme.com/shop/my-account/feed/index.html]
[demo.kaliumtheme.com/shop/my-account/lost-password/index.html]
[demo.kaliumtheme.com/shop/wp-json/oembed/1.0/embed83c3.json]
[demo.kaliumtheme.com/shop/order-tracking/feed/index.html]
[demo.kaliumtheme.com/shop/wp-json/oembed/1.0/embed1cda]
[demo.kaliumtheme.com/shop/product/shapemaker/index.html]
[demo.kaliumtheme.com/shop/product/panamericana-chair/feed/index.html]
[demo.kaliumtheme.com/shop/product/panamericana-chair/indexb522.html]
[demo.kaliumtheme.com/shop/index18c1.html]
[demo.kaliumtheme.com/shop/product/panamericana-chair/index3d1b.html]
[demo.kaliumtheme.com/shop/product/nourished/feed/index.html]
[demo.kaliumtheme.com/shop/product/boskke-cube/indexf8f6.html]
[demo.kaliumtheme.com/shop/wp-json/oembed/1.0/embed814a.json]
[demo.kaliumtheme.com/shop/product/nourished/index70f8.html]
[demo.kaliumtheme.com/shop/product/nourished/index0865.html]
[demo.kaliumtheme.com/shop/product/nourished/index7e21.html]
[demo.kaliumtheme.com/shop/product/nourished/index5412.html]
[demo.kaliumtheme.com/shop/wp-json/oembed/1.0/embeda3aa]
[demo.kaliumtheme.com/shop/product/the-age-of-collage/index.html]
[demo.kaliumtheme.com/shop/product/shapemaker/feed/index.html]
[demo.kaliumtheme.com/shop/product/shapemaker/index92a5.html]
[demo.kaliumtheme.com/shop/product/the-age-of-collage/feed/index.html]
[demo.kaliumtheme.com/shop/wp-json/oembed/1.0/embed2e46.json]
[demo.kaliumtheme.com/shop/product/the-age-of-collage/indexd941.html]
[demo.kaliumtheme.com/shop/product/the-age-of-collage/index7054.html]
[demo.kaliumtheme.com/shop/wp-json/oembed/1.0/embed0d82]
[demo.kaliumtheme.com/shop/product/sweeper-funnel/index.html]
[demo.kaliumtheme.com/shop/product/the-age-of-collage/index7e21.html]
[demo.kaliumtheme.com/shop/product/the-age-of-collage/index70f8.html]
[demo.kaliumtheme.com/shop/product/the-age-of-collage/index5412.html]
[demo.kaliumtheme.com/shop/product/sweeper-funnel/feed/index.html]
[demo.kaliumtheme.com/shop/wp-json/oembed/1.0/embed96d9.json]
[demo.kaliumtheme.com/shop/product/sweeper-funnel/index1e32.html]
[demo.kaliumtheme.com/shop/product/sweeper-funnel/indexc42c.html]
[demo.kaliumtheme.com/shop/wp-json/oembed/1.0/embed915a]
[demo.kaliumtheme.com/shop/product/stapler/index.html]
[demo.kaliumtheme.com/shop/product/stapler/feed/index.html]
[demo.kaliumtheme.com/shop/product/sweeper-funnel/indexd74c.html]
[demo.kaliumtheme.com/shop/product/stapler/index7054.html]
[demo.kaliumtheme.com/shop/wp-json/oembed/1.0/embed68bf.json]
[demo.kaliumtheme.com/shop/product/wolfie/feed/index.html]
[demo.kaliumtheme.com/shop/product/stapler/indexf6b1.html]
[demo.kaliumtheme.com/shop/product/stapler/indexd74c.html]
[demo.kaliumtheme.com/shop/wp-json/oembed/1.0/embed184d]
[demo.kaliumtheme.com/shop/product/wolfie/index.html]
[demo.kaliumtheme.com/shop/wp-json/oembed/1.0/embed20d6.json]
[demo.kaliumtheme.com/shop/product/wolfie/index18c1.html]
[demo.kaliumtheme.com/shop/product/ninja-silhouette/feed/index.html]
[demo.kaliumtheme.com/shop/wp-json/oembed/1.0/embedd634]
[demo.kaliumtheme.com/shop/product/ninja-silhouette/index.html]
[demo.kaliumtheme.com/shop/product/ninja-silhouette/indexf6b1.html]
[demo.kaliumtheme.com/shop/product/ninja-silhouette/indexd74c.html]
[demo.kaliumtheme.com/shop/wp-json/oembed/1.0/embedb7d6.json]
[demo.kaliumtheme.com/shop/product/et66-calculator/feed/index.html]
[demo.kaliumtheme.com/shop/wp-json/oembed/1.0/embed0651]
[demo.kaliumtheme.com/shop/product/et66-calculator/index.html]
[demo.kaliumtheme.com/shop/product/et66-calculator/indexd74c.html]
[demo.kaliumtheme.com/shop/wp-json/oembed/1.0/embed1f95.json]
[demo.kaliumtheme.com/shop/product/analog-clock/feed/index.html]
[demo.kaliumtheme.com/shop/wp-json/oembed/1.0/embedced5]
[demo.kaliumtheme.com/shop/product/analog-clock/index.html]
[demo.kaliumtheme.com/shop/indexb522.html]
[demo.kaliumtheme.com/shop/product/analog-clock/indexc42c.html]
[demo.kaliumtheme.com/shop/product/analog-clock/index7054.html]
[demo.kaliumtheme.com/shop/indexacaf.html]
[demo.kaliumtheme.com/shop/product/analog-clock/indexb522.html]
[demo.kaliumtheme.com/shop/wp-json/oembed/1.0/embed74be.json]
[demo.kaliumtheme.com/shop/product/scissors/feed/index.html]
[demo.kaliumtheme.com/shop/wp-json/oembed/1.0/embed82e2]
[demo.kaliumtheme.com/shop/product/scissors/index.html]
[demo.kaliumtheme.com/shop/index7054.html]
[demo.kaliumtheme.com/shop/product/scissors/indexd74c.html]
[demo.kaliumtheme.com/shop/product/scissors/indexc42c.html]
[demo.kaliumtheme.com/shop/wp-json/oembed/1.0/embedc4ed.json]
[demo.kaliumtheme.com/shop/product/spherical-vase/feed/index.html]
[demo.kaliumtheme.com/shop/wp-json/oembed/1.0/embed8d4e]
[demo.kaliumtheme.com/shop/product/spherical-vase/index.html]
[demo.kaliumtheme.com/shop/indexc42c.html]
[demo.kaliumtheme.com/shop/product/spherical-vase/index7054.html]
[demo.kaliumtheme.com/shop/product/spherical-vase/indexd74c.html]
[demo.kaliumtheme.com/shop/product/spherical-vase/indexb522.html]
[demo.kaliumtheme.com/shop/wp-json/oembed/1.0/embedda33.json]
[demo.kaliumtheme.com/shop/product/woo-album-3/feed/index.html]
[demo.kaliumtheme.com/shop/wp-json/oembed/1.0/embedf419]
[demo.kaliumtheme.com/shop/product/woo-album-3/index.html]
[demo.kaliumtheme.com/shop/indexd74c.html]
[demo.kaliumtheme.com/shop/product/woo-album-3/index3d1b.html]
[demo.kaliumtheme.com/shop/product/woo-album-3/index7054.html]
[demo.kaliumtheme.com/shop/wp-json/oembed/1.0/embed358e.json]
[demo.kaliumtheme.com/shop/product/salad-bowl/feed/index.html]
[demo.kaliumtheme.com/shop/wp-json/oembed/1.0/embeddd60]
[demo.kaliumtheme.com/shop/product/salad-bowl/index.html]
[demo.kaliumtheme.com/shop/indexf8f6.html]
[demo.kaliumtheme.com/shop/product/salad-bowl/index3d1b.html]
[demo.kaliumtheme.com/shop/product/salad-bowl/indexacaf.html]
[demo.kaliumtheme.com/shop/product/salad-bowl/index7054.html]
[demo.kaliumtheme.com/shop/wp-json/oembed/1.0/embed58b9.json]
[demo.kaliumtheme.com/shop/product/aaldap/feed/index.html]
[demo.kaliumtheme.com/shop/product/salad-bowl/indexb522.html]
[demo.kaliumtheme.com/shop/wp-json/oembed/1.0/embeda885]
[demo.kaliumtheme.com/shop/product/aaldap/index.html]
[demo.kaliumtheme.com/shop/shop/index7e21.html]
[demo.kaliumtheme.com/shop/product/aaldap/indexd941.html]
[demo.kaliumtheme.com/shop/product/aaldap/index70f8.html]
[demo.kaliumtheme.com/shop/product/aaldap/index5412.html]
[demo.kaliumtheme.com/shop/shop/indexf4c6.html]
[demo.kaliumtheme.com/shop/product/bridge-backpack/index.html]
[demo.kaliumtheme.com/shop/shop/index07d1.html]
[demo.kaliumtheme.com/shop/product/aaldap/index0865.html]
[demo.kaliumtheme.com/shop/wp-json/oembed/1.0/embed8f90.json]
[demo.kaliumtheme.com/shop/wp-json/oembed/1.0/embed2349]
[demo.kaliumtheme.com/shop/product/damn-good-advice/feed/index.html]
[demo.kaliumtheme.com/shop/product/damn-good-advice/index.html]
[demo.kaliumtheme.com/shop/shop/index70f8.html]
[demo.kaliumtheme.com/shop/product/damn-good-advice/index5412.html]
[demo.kaliumtheme.com/shop/shop/indexf6b1.html]
[demo.kaliumtheme.com/shop/product/damn-good-advice/indexd941.html]
[demo.kaliumtheme.com/shop/product/damn-good-advice/index7e21.html]
[demo.kaliumtheme.com/shop/product-category/uncategorized/index.html]
[demo.kaliumtheme.com/shop/index568a.html]
[demo.kaliumtheme.com/shop/product/damn-good-advice/index0865.html]
[demo.kaliumtheme.com/shop/product-category/uncategorized/feed/index.html]
[demo.kaliumtheme.com/shop/wp-json/oembed/1.0/embedd736.json]
[demo.kaliumtheme.com/shop/product/medium-notebook/feed/index.html]
[demo.kaliumtheme.com/shop/product/medium-notebook/index.html]
[demo.kaliumtheme.com/shop/wp-json/oembed/1.0/embed3829]
[demo.kaliumtheme.com/shop/shop-carousel/index7054.html]
[demo.kaliumtheme.com/shop/shop-carousel/indexf6b1.html]
[demo.kaliumtheme.com/shop/shop-carousel/indexd74c.html]
[demo.kaliumtheme.com/shop/shop-carousel/index0865.html]
[demo.kaliumtheme.com/shop/shop-carousel/indexb522.html]
[demo.kaliumtheme.com/shop/shop-carousel/index7e21.html]
[demo.kaliumtheme.com/shop/shop-carousel/indexf4c6.html]
[demo.kaliumtheme.com/shop/product/medium-notebook/index7054.html]
[demo.kaliumtheme.com/shop/product/medium-notebook/indexf6b1.html]
[demo.kaliumtheme.com/shop/product/medium-notebook/indexd74c.html]
[demo.kaliumtheme.com/shop/wp-json/oembed/1.0/embed5f7c.json]
[demo.kaliumtheme.com/shop/product/standard-baggu/feed/index.html]
[demo.kaliumtheme.com/shop/wp-json/oembed/1.0/embed72a5]
[demo.kaliumtheme.com/shop/product/standard-baggu/index.html]
[demo.kaliumtheme.com/shop/shop-carousel/index1e32.html]
[demo.kaliumtheme.com/shop/product/standard-baggu/index07d1.html]
[demo.kaliumtheme.com/shop/product/standard-baggu/indexb522.html]
[demo.kaliumtheme.com/shop/wp-json/oembed/1.0/embedac6a.json]
[demo.kaliumtheme.com/shop/product/rene-redzepi/feed/index.html]
[demo.kaliumtheme.com/shop/wp-json/oembed/1.0/embedd231]
[demo.kaliumtheme.com/shop/product/rene-redzepi/index.html]
[demo.kaliumtheme.com/shop/shop-carousel/index5412.html]
[demo.kaliumtheme.com/shop/product/rene-redzepi/indexd941.html]
[demo.kaliumtheme.com/shop/product/rene-redzepi/index70f8.html]
[demo.kaliumtheme.com/shop/shop-carousel/indexacaf.html]
[demo.kaliumtheme.com/shop/shop-carousel/index70f8.html]
[demo.kaliumtheme.com/shop/shop-carousel/indexc42c.html]
[demo.kaliumtheme.com/shop/shop-carousel/index3d1b.html]
[demo.kaliumtheme.com/shop/shop-carousel/indexf8f6.html]
[demo.kaliumtheme.com/shop/shop-carousel/index18c1.html]
[demo.kaliumtheme.com/shop/shop-carousel/index07d1.html]
[demo.kaliumtheme.com/shop/shop/index3d1b.html]
[demo.kaliumtheme.com/shop/index481e.html]
[demo.kaliumtheme.com/shop/product-category/accessories/indexf4c6.html]
[demo.kaliumtheme.com/shop/product-category/accessories/index3d1b.html]
[demo.kaliumtheme.com/shop/product-category/accessories/indexacaf.html]
[demo.kaliumtheme.com/shop/product-category/accessories/indexf8f6.html]
[demo.kaliumtheme.com/shop/product-category/accessories/index7054.html]
[demo.kaliumtheme.com/shop/product-category/children/index18c1.html]
[demo.kaliumtheme.com/shop/product-category/children/index92a5.html]
[demo.kaliumtheme.com/shop/product-category/accessories/home/indexf4c6.html]
[demo.kaliumtheme.com/shop/product-category/accessories/home/index3d1b.html]
[demo.kaliumtheme.com/shop/product-category/accessories/home/indexacaf.html]
[demo.kaliumtheme.com/shop/product-category/accessories/home/indexf8f6.html]
[demo.kaliumtheme.com/shop/product-category/accessories/home/index7054.html]
[demo.kaliumtheme.com/shop/product-category/magazines/index7e21.html]
[demo.kaliumtheme.com/shop/product-category/magazines/index70f8.html]
[demo.kaliumtheme.com/shop/product-category/magazines/indexd941.html]
[demo.kaliumtheme.com/shop/product-category/magazines/index5412.html]
[demo.kaliumtheme.com/shop/product-category/magazines/index0865.html]
[demo.kaliumtheme.com/shop/product-category/office/indexf6b1.html]
[demo.kaliumtheme.com/shop/product-category/office/index7054.html]
[demo.kaliumtheme.com/shop/product-category/office/indexd74c.html]
[demo.kaliumtheme.com/shop/product-category/outdoor/index07d1.html]
[demo.kaliumtheme.com/shop/product-category/outdoor/index1e32.html]
[demo.kaliumtheme.com/shop/product-category/outdoor/indexb522.html]
[demo.kaliumtheme.com/shop/shop/page/2/indexc5bd.html]
[demo.kaliumtheme.com/shop/product/rene-redzepi/index0865.html]
[demo.kaliumtheme.com/shop/shop/page/3/indexc5bd.html]
[demo.kaliumtheme.com/shop/shop/page/2/index3d1b.html]
[demo.kaliumtheme.com/shop/product/rene-redzepi/index7e21.html]
[demo.kaliumtheme.com/shop/index96f1.html]
[demo.kaliumtheme.com/shop/shop/page/2/indexd941.html]
[demo.kaliumtheme.com/shop/product/hasami-mug/indexf8f6.html]
[demo.kaliumtheme.com/shop/shop/page/2/index5412.html]
[demo.kaliumtheme.com/shop/shop/page/2/indexacaf.html]
[demo.kaliumtheme.com/shop/product/hasami-mug/indexf4c6.html]
[demo.kaliumtheme.com/shop/shop/page/2/indexf8f6.html]
[demo.kaliumtheme.com/shop/shop/page/2/index7054.html]
[demo.kaliumtheme.com/shop/product/hasami-mug/indexacaf.html]
[demo.kaliumtheme.com/shop/shop/page/3/index18c1.html]
[demo.kaliumtheme.com/shop/index3ba0.html]
[demo.kaliumtheme.com/shop/shop/page/3/indexc42c.html]
[demo.kaliumtheme.com/shop/shop/page/3/indexd74c.html]
[demo.kaliumtheme.com/shop/product/oak-tray/indexc42c.html]
[demo.kaliumtheme.com/shop/shop/page/3/index1e32.html]
[demo.kaliumtheme.com/shop/product/oak-tray/index3d1b.html]
[demo.kaliumtheme.com/shop/shop/page/3/index0865.html]
[demo.kaliumtheme.com/shop/shop/page/3/indexb522.html]
[demo.kaliumtheme.com/shop/product/oak-tray/indexacaf.html]
[demo.kaliumtheme.com/shop/shop/page/3/index92a5.html]
[demo.kaliumtheme.com/shop/index5401.html]
[demo.kaliumtheme.com/shop/product/oak-tray/index7054.html]
[demo.kaliumtheme.com/shop/product/oak-tray/indexf4c6.html]
[demo.kaliumtheme.com/shop/product/cast-iron-animals/index7054.html]
[demo.kaliumtheme.com/shop/product/cast-iron-animals/index3d1b.html]
[demo.kaliumtheme.com/shop/product/oak-tray/indexd74c.html]
[demo.kaliumtheme.com/shop/product/cast-iron-animals/indexf8f6.html]
[demo.kaliumtheme.com/shop/product/cast-iron-animals/indexc42c.html]
[demo.kaliumtheme.com/shop/product/cast-iron-animals/indexacaf.html]
[demo.kaliumtheme.com/shop/index04cd.html]
[demo.kaliumtheme.com/shop/product/charley-colors/index92a5.html]
[demo.kaliumtheme.com/shop/product/charley-colors/index18c1.html]
[demo.kaliumtheme.com/shop/index55e4.html]
[demo.kaliumtheme.com/shop/product-tag/backpack/index.html]
[demo.kaliumtheme.com/shop/product/cast-iron-animals/indexd74c.html]
[demo.kaliumtheme.com/shop/product/cast-iron-animals/indexf4c6.html]
[demo.kaliumtheme.com/shop/product-tag/bag/index.html]
[demo.kaliumtheme.com/shop/product-tag/backpack/feed/index.html]
[demo.kaliumtheme.com/shop/product-tag/backpack/index07d1.html]
[demo.kaliumtheme.com/shop/product-tag/bag/feed/index.html]
[demo.kaliumtheme.com/shop/product-tag/black/index.html]
[demo.kaliumtheme.com/shop/product-tag/bag/index07d1.html]
[demo.kaliumtheme.com/shop/product-tag/black/feed/index.html]
[demo.kaliumtheme.com/shop/product/bridge-backpack/index1e32.html]
[demo.kaliumtheme.com/shop/product/bridge-backpack/indexb522.html]
[demo.kaliumtheme.com/shop/index4837.html]
[demo.kaliumtheme.com/shop/product/boskke-cube/indexacaf.html]
[demo.kaliumtheme.com/shop/product/boskke-cube/indexd74c.html]
[demo.kaliumtheme.com/shop/product-tag/black/index07d1.html]
[demo.kaliumtheme.com/shop/product/boskke-cube/index3d1b.html]
[demo.kaliumtheme.com/shop/product/boskke-cube/indexb522.html]
[demo.kaliumtheme.com/shop/product/hasami-mug/indexd74c.html]
[demo.kaliumtheme.com/shop/product/hasami-mug/index7054.html]
[demo.kaliumtheme.com/shop/product/hasami-mug/indexb522.html]
[demo.kaliumtheme.com/shop/product/hasami-mug/index3d1b.html]
[demo.kaliumtheme.com/shop/product/hasami-mug/indexc42c.html]
[demo.kaliumtheme.com/shop/index2e31.html]
[demo.kaliumtheme.com/shop/product/hanging-vessel/indexacaf.html]
[demo.kaliumtheme.com/shop/product/hanging-vessel/indexf8f6.html]
[demo.kaliumtheme.com/shop/product/hanging-vessel/indexf4c6.html]
[demo.kaliumtheme.com/shop/product/hanging-vessel/indexc42c.html]
[demo.kaliumtheme.com/shop/product/hanging-vessel/indexd74c.html]
[demo.kaliumtheme.com/shop/product/hanging-vessel/index7054.html]
[demo.kaliumtheme.com/shop/indexc471.html]
[demo.kaliumtheme.com/shop/indexc4f7.html]
[demo.kaliumtheme.com/shop/my-account/lost-password/index.html]
[demo.kaliumtheme.com/shop/index77b5.html]
[demo.kaliumtheme.com/shop/index5fb3.html]
[demo.kaliumtheme.com/shop/product/panamericana-chair/indexb522.html]
[demo.kaliumtheme.com/shop/product/boskke-cube/indexc42c.html]
[demo.kaliumtheme.com/shop/product/boskke-cube/index7054.html]
[demo.kaliumtheme.com/shop/product/panamericana-chair/index3d1b.html]
[demo.kaliumtheme.com/shop/product/panamericana-chair/indexf8f6.html]
[demo.kaliumtheme.com/shop/product/boskke-cube/indexf8f6.html]
[demo.kaliumtheme.com/shop/index8844.html]
[demo.kaliumtheme.com/shop/product/nourished/index7e21.html]
[demo.kaliumtheme.com/shop/product/nourished/index70f8.html]
[demo.kaliumtheme.com/shop/product/nourished/index0865.html]
[demo.kaliumtheme.com/shop/product/nourished/index5412.html]
[demo.kaliumtheme.com/shop/index8cae.html]
[demo.kaliumtheme.com/shop/product/shapemaker/index92a5.html]
[demo.kaliumtheme.com/shop/indexc5eb.html]
[demo.kaliumtheme.com/shop/product/the-age-of-collage/index7054.html]
[demo.kaliumtheme.com/shop/product/the-age-of-collage/indexd941.html]
[demo.kaliumtheme.com/shop/product/the-age-of-collage/index70f8.html]
[demo.kaliumtheme.com/shop/product/the-age-of-collage/index7e21.html]
[demo.kaliumtheme.com/shop/product/the-age-of-collage/index5412.html]
[demo.kaliumtheme.com/shop/indexe6f0.html]
[demo.kaliumtheme.com/shop/product/sweeper-funnel/index1e32.html]
[demo.kaliumtheme.com/shop/product/hanging-vessel/indexb522.html]
[demo.kaliumtheme.com/shop/product/sweeper-funnel/indexc42c.html]
[demo.kaliumtheme.com/shop/product/sweeper-funnel/indexd74c.html]
[demo.kaliumtheme.com/shop/product/panamericana-chair/indexc42c.html]
[demo.kaliumtheme.com/shop/product/panamericana-chair/indexd74c.html]
[demo.kaliumtheme.com/shop/index9430.html]
[demo.kaliumtheme.com/shop/product/stapler/index7054.html]
[demo.kaliumtheme.com/shop/product/stapler/indexf6b1.html]
[demo.kaliumtheme.com/shop/product/stapler/indexd74c.html]
[demo.kaliumtheme.com/shop/index6f72.html]
[demo.kaliumtheme.com/shop/product/wolfie/index18c1.html]
[demo.kaliumtheme.com/shop/indexc7e3.html]
[demo.kaliumtheme.com/shop/product/ninja-silhouette/indexf6b1.html]
[demo.kaliumtheme.com/shop/product/ninja-silhouette/indexd74c.html]
[demo.kaliumtheme.com/shop/index3f3a.html]
[demo.kaliumtheme.com/shop/product/et66-calculator/indexd74c.html]
[demo.kaliumtheme.com/shop/product/sweeper-funnel/index07d1.html]
[demo.kaliumtheme.com/shop/product/sweeper-funnel/indexf4c6.html]
[demo.kaliumtheme.com/shop/index36d4.html]
[demo.kaliumtheme.com/shop/product/analog-clock/index7054.html]
[demo.kaliumtheme.com/shop/product/ninja-silhouette/index7054.html]
[demo.kaliumtheme.com/shop/product/et66-calculator/index7054.html]
[demo.kaliumtheme.com/shop/product/analog-clock/indexc42c.html]
[demo.kaliumtheme.com/shop/product/analog-clock/indexb522.html]
[demo.kaliumtheme.com/shop/product/analog-clock/indexf8f6.html]
[demo.kaliumtheme.com/shop/product/analog-clock/indexacaf.html]
[demo.kaliumtheme.com/shop/index0721.html]
[demo.kaliumtheme.com/shop/product/scissors/indexc42c.html]
[demo.kaliumtheme.com/shop/product/scissors/indexd74c.html]
[demo.kaliumtheme.com/shop/product/analog-clock/index3d1b.html]
[demo.kaliumtheme.com/shop/product/analog-clock/indexd74c.html]
[demo.kaliumtheme.com/shop/index5d38.html]
[demo.kaliumtheme.com/shop/product/spherical-vase/indexd74c.html]
[demo.kaliumtheme.com/shop/product/scissors/indexf6b1.html]
[demo.kaliumtheme.com/shop/product/scissors/indexacaf.html]
[demo.kaliumtheme.com/shop/product/spherical-vase/index7054.html]
[demo.kaliumtheme.com/shop/product/spherical-vase/indexb522.html]
[demo.kaliumtheme.com/shop/product/spherical-vase/indexf4c6.html]
[demo.kaliumtheme.com/shop/product/spherical-vase/index3d1b.html]
[demo.kaliumtheme.com/shop/indexeffd.html]
[demo.kaliumtheme.com/shop/product/woo-album-3/index7054.html]
[demo.kaliumtheme.com/shop/product/woo-album-3/index3d1b.html]
[demo.kaliumtheme.com/shop/index8c55.html]
[demo.kaliumtheme.com/shop/product/salad-bowl/indexacaf.html]
[demo.kaliumtheme.com/shop/product/spherical-vase/indexacaf.html]
[demo.kaliumtheme.com/shop/product/spherical-vase/indexf8f6.html]
[demo.kaliumtheme.com/shop/product/salad-bowl/index3d1b.html]
[demo.kaliumtheme.com/shop/product/salad-bowl/index7054.html]
[demo.kaliumtheme.com/shop/product/salad-bowl/indexb522.html]
[demo.kaliumtheme.com/shop/index1e7e.html]
[demo.kaliumtheme.com/shop/product/aaldap/indexd941.html]
[demo.kaliumtheme.com/shop/product/aaldap/index70f8.html]
[demo.kaliumtheme.com/shop/product/aaldap/index5412.html]
[demo.kaliumtheme.com/shop/product/aaldap/index0865.html]
[demo.kaliumtheme.com/shop/index6ffe.html]
[demo.kaliumtheme.com/shop/product/damn-good-advice/index5412.html]
[demo.kaliumtheme.com/shop/product/damn-good-advice/indexd941.html]
[demo.kaliumtheme.com/shop/product/damn-good-advice/index7e21.html]
[demo.kaliumtheme.com/shop/product/damn-good-advice/index0865.html]
[demo.kaliumtheme.com/shop/index2dc8.html]
[demo.kaliumtheme.com/shop/product/medium-notebook/index7054.html]
[demo.kaliumtheme.com/shop/product/medium-notebook/indexf6b1.html]
[demo.kaliumtheme.com/shop/product/medium-notebook/indexd74c.html]
[demo.kaliumtheme.com/shop/indexcb30.html]
[demo.kaliumtheme.com/shop/product/standard-baggu/indexb522.html]
[demo.kaliumtheme.com/shop/product/standard-baggu/index07d1.html]
[demo.kaliumtheme.com/shop/index6aed.html]
[demo.kaliumtheme.com/shop/product/rene-redzepi/index70f8.html]
[demo.kaliumtheme.com/shop/product/rene-redzepi/indexd941.html]
[demo.kaliumtheme.com/shop/product/rene-redzepi/index0865.html]
[demo.kaliumtheme.com/shop/product/rene-redzepi/index7e21.html]
[demo.kaliumtheme.com/shop/shop/page/2/index3d1b.html]
[demo.kaliumtheme.com/shop/shop/page/2/indexd941.html]
[demo.kaliumtheme.com/shop/shop/page/2/indexacaf.html]
[demo.kaliumtheme.com/shop/shop/page/2/index5412.html]
[demo.kaliumtheme.com/shop/shop/page/2/indexf8f6.html]
[demo.kaliumtheme.com/shop/shop/page/2/index7054.html]
[demo.kaliumtheme.com/shop/shop/page/1/indexc5bd.html]
[demo.kaliumtheme.com/shop/shop/page/3/index18c1.html]
[demo.kaliumtheme.com/shop/shop/page/3/indexd74c.html]
[demo.kaliumtheme.com/shop/shop/page/3/indexc42c.html]
[demo.kaliumtheme.com/shop/shop/page/3/index1e32.html]
[demo.kaliumtheme.com/shop/shop/page/3/indexb522.html]
[demo.kaliumtheme.com/shop/shop/page/3/index0865.html]
[demo.kaliumtheme.com/shop/shop/page/3/index92a5.html]
[demo.kaliumtheme.com/shop/product/oak-tray/index7054.html]
[demo.kaliumtheme.com/shop/product/woo-album-3/indexf8f6.html]
[demo.kaliumtheme.com/shop/product/salad-bowl/indexd74c.html]
[demo.kaliumtheme.com/shop/product/oak-tray/indexf4c6.html]
[demo.kaliumtheme.com/shop/product/oak-tray/indexd74c.html]
[demo.kaliumtheme.com/shop/product/cast-iron-animals/indexacaf.html]
[demo.kaliumtheme.com/shop/product/cast-iron-animals/indexc42c.html]
[demo.kaliumtheme.com/shop/product/cast-iron-animals/indexd74c.html]
[demo.kaliumtheme.com/shop/product/cast-iron-animals/indexf4c6.html]
[demo.kaliumtheme.com/shop/product-tag/backpack/index07d1.html]
[demo.kaliumtheme.com/shop/product-tag/bag/index07d1.html]
[demo.kaliumtheme.com/shop/product-tag/black/index07d1.html]
[demo.kaliumtheme.com/shop/product/boskke-cube/index7054.html]
[demo.kaliumtheme.com/shop/product/boskke-cube/indexc42c.html]
[demo.kaliumtheme.com/shop/product/hanging-vessel/indexb522.html]
[demo.kaliumtheme.com/shop/product/panamericana-chair/indexf8f6.html]
[demo.kaliumtheme.com/shop/product/panamericana-chair/indexc42c.html]
[demo.kaliumtheme.com/shop/product/salad-bowl/indexf4c6.html]
[demo.kaliumtheme.com/shop/product/oak-tray/indexb522.html]
[demo.kaliumtheme.com/shop/product/panamericana-chair/indexd74c.html]
[demo.kaliumtheme.com/shop/product/sweeper-funnel/indexf4c6.html]
[demo.kaliumtheme.com/shop/product/sweeper-funnel/index07d1.html]
[demo.kaliumtheme.com/shop/product/panamericana-chair/index7054.html]
[demo.kaliumtheme.com/shop/product/oak-tray/indexf8f6.html]
[demo.kaliumtheme.com/shop/product/ninja-silhouette/index7054.html]
[demo.kaliumtheme.com/shop/product/et66-calculator/index7054.html]
[demo.kaliumtheme.com/shop/product/analog-clock/indexf8f6.html]
[demo.kaliumtheme.com/shop/product/analog-clock/indexacaf.html]
[demo.kaliumtheme.com/shop/product/analog-clock/indexd74c.html]
[demo.kaliumtheme.com/shop/product/analog-clock/index3d1b.html]
[demo.kaliumtheme.com/shop/product/scissors/indexf6b1.html]
[demo.kaliumtheme.com/shop/product/sweeper-funnel/indexacaf.html]
[demo.kaliumtheme.com/shop/product/sweeper-funnel/index3d1b.html]
[demo.kaliumtheme.com/shop/product/scissors/indexacaf.html]
[demo.kaliumtheme.com/shop/product/analog-clock/indexf4c6.html]
[demo.kaliumtheme.com/shop/product/spherical-vase/indexf4c6.html]
[demo.kaliumtheme.com/shop/product/spherical-vase/index3d1b.html]
[demo.kaliumtheme.com/shop/product/spherical-vase/indexacaf.html]
[demo.kaliumtheme.com/shop/product/spherical-vase/indexf8f6.html]
[demo.kaliumtheme.com/shop/product/woo-album-3/indexf8f6.html]
[demo.kaliumtheme.com/shop/product/salad-bowl/indexd74c.html]
[demo.kaliumtheme.com/shop/product/scissors/indexf8f6.html]
[demo.kaliumtheme.com/shop/product/scissors/indexb522.html]
[demo.kaliumtheme.com/shop/product/scissors/index3d1b.html]
[demo.kaliumtheme.com/shop/product/salad-bowl/indexf4c6.html]
[demo.kaliumtheme.com/shop/product/oak-tray/indexb522.html]
[demo.kaliumtheme.com/shop/product/oak-tray/indexf8f6.html]
[demo.kaliumtheme.com/shop/product/panamericana-chair/index7054.html]
[demo.kaliumtheme.com/shop/product/sweeper-funnel/indexacaf.html]
[demo.kaliumtheme.com/shop/product/sweeper-funnel/index3d1b.html]
[demo.kaliumtheme.com/shop/product/analog-clock/indexf4c6.html]
[demo.kaliumtheme.com/shop/product/scissors/index3d1b.html]
[demo.kaliumtheme.com/shop/product/scissors/indexb522.html]
[demo.kaliumtheme.com/shop/product/scissors/indexf8f6.html]
[demo.kaliumtheme.com/shop/product/salad-bowl/indexc42c.html]
[demo.kaliumtheme.com/shop/product/salad-bowl/indexc42c.html]
[demo.kaliumtheme.com/shop/product/sweeper-funnel/indexf8f6.html]
[demo.kaliumtheme.com/shop/product/scissors/indexf4c6.html]
[demo.kaliumtheme.com/shop/product/sweeper-funnel/indexf8f6.html]
[demo.kaliumtheme.com/shop/product/scissors/indexf4c6.html]
[demo.kaliumtheme.com/shop/product/sweeper-funnel/index7054.html]
[demo.kaliumtheme.com/shop/product/sweeper-funnel/index7054.html]
